require HTTP.Response
true
def f = fn () { res = %HTTP.Response{body: "a#{:a}"} }
f
