env_eval_ident: unbound ident: kc3
env_eval_ident: stacktrace:
Stacktrace:

ok
