~ -170141183460469231731687303715884105728
170141183460469231731687303715884105727
~ -170141183460469231731687303715884105727
170141183460469231731687303715884105726
~ -9223372036854775808
9223372036854775807
~ -9223372036854775807
9223372036854775806
~ -2147483648
2147483647
~ -2147483647
2147483646
~ -32768
32767
~ -32767
32766
~ -128
127
~ -127
126
~ 255
0
~ 256
65279
~ 65535
0
~ 65536
4294901759
~ 4294967295
0
~ 4294967296
18446744069414584319
~ 18446744073709551615
0
~ 18446744073709551616
340282366920938463444927863358058659839
~ 340282366920938463463374607431768211455
0
~ 340282366920938463463374607431768211456
115792089237316195423570985008687907852929702298719625575994209400481361428479
