1/1
1/1
1/2
1/2
1/3
1/3
1/10
1/10
1/100
1/100
1/1000
1/1000
2/3
2/3
3/3
3/3
10/3
10/3
100/3
100/3
1000/3
1000/3
-1/3
-1/3
-123456/3
-123456/3
- -1/3
1/3
- -123456/3
123456/3
