:" "
:"\n"
:"\0"
:"\n"
:"\r"
:" "
:"\t"
:"\v"
:0
:9
A
Z
:a
:z
À
É
Ÿ
:à
:é
:ÿ
Π
:꒴
:𐅀
:🎳
:😄
:🟣
:🤩
GL.Sphere
GL.Sphere
