Markdown.titles("Text.\n")
Segmentation fault (core dumped) 
