require TLS
cfn_link: kc3_tls_config_set_key_file: Unable to resolve symbol
env_kc3_def: env_eval_tag
cfn_apply: "kc3_def" [set_key = cfn Bool "kc3_tls_config_set_key_file" (TLS.Config*, Str)]: 0x0 != 0x749de4b9fbc0
cfn_apply: "kc3_defmodule" [TLS.Config, do
  dlopen("tls.so")
  def delete = cfn Void "tls_config_free" (TLS.Config*)
  def error = cfn Str "kc3_tls_config_error" (TLS.Config*, Result)
  def new = cfn TLS.Config* "kc3_tls_config_new" (Result)
  def set_ca_file = cfn Bool "kc3_tls_config_set_ca_file" (TLS.Config*, Str)
  def set_cert_file = cfn Bool "tls_config_set_cert_file" (TLS.Config*, Str)
  def set_key = cfn Bool "kc3_tls_config_set_key_file" (TLS.Config*, Str)
end]: 0x0 != 0x749de4ba0370
env_load: env_eval_tag: defmodule TLS.Config do
  dlopen("tls.so")
  def delete = cfn Void "tls_config_free" (TLS.Config*)
  def error = cfn Str "kc3_tls_config_error" (TLS.Config*, Result)
  def new = cfn TLS.Config* "kc3_tls_config_new" (Result)
  def set_ca_file = cfn Bool "kc3_tls_config_set_ca_file" (TLS.Config*, Str)
  def set_cert_file = cfn Bool "tls_config_set_cert_file" (TLS.Config*, Str)
  def set_key = cfn Bool "kc3_tls_config_set_key_file" (TLS.Config*, Str)
end
env_module_load: TLS.Config: env_load
env_module_ensure_loaded: module not found: TLS.Config
true
TLS.ca_cert_path()
"/etc/ssl/cert.pem"
