(U8) {0, 1}
(U8) {0, 1}
a[0]
a[1]
0
1
(U8) {{0, 1}, {2, 3}}
(U8) {{0, 1}, {2, 3}}
b[0][0]
b[0][1]
b[1][0]
b[1][1]
0
1
2
3
(U8) {{{0, 1}, {2, 3}}, {{4, 5}, {6, 7}}}
