_" "
_"\n"
_"\0"
_"\n"
_"\r"
_" "
_"\t"
_"\v"
_0
_9
_A
_Z
a
z
_À
_É
_Ÿ
à
é
ÿ
_Π
꒴
𐅀
🎳
😄
🟣
🤩
