do
  1
end
1
do
  1
  2
end
2
do
  1
  2
  3
end
3
do
  1
end
1
do
  1
  2
end
2
do
  1
  2
  3
end
3
do
  1 + 1
  2 + 2
  3 + 3
end
6
do
  1 + 1
  2 + 2
  6
end
