defmodule Test do
  defstruct [a: (U8) 1, b: (U8) 2]
end
Test
%Test{}
%Test{a: (U8) 1, b: (U8) 2}
