do
  1
end
1
do
  1
  2
end
2
do
  1
  2
  3
end
3
do
  1
end
1
do
  1 ; 2
end
2
do
  1 ; 2 ; 3
end
3
do
  1 + 1
  2 + 2
  3 + 3
end
6
do
  1 + 1
  2 + 2
  6
end
do
  def cast = cfn S32 "s32_init_cast" (Result, Sym, Tag)
end
cast
do
  do
    1
  end
end
1
do
  do
    do
      1
    end
  end
end
1
