a = 1
1
b = 1
1
c = 2
2
[d, e] = [1, 2]
[1, 2]
{1, 2} = {f, g}
{1, 2}
? = 1
1
