Facts.with_tuple(Facts.env_facts(), {KC3, :operator, ?}, fn (fact) { puts(fact.object); void })
operator_add
operator_addi
operator_and
operator_assign
operator_assign_2
operator_band
operator_bnot
operator_bor
operator_brackets
operator_bxor
operator_defstruct
operator_div
operator_eq
operator_equal
operator_gt
operator_gte
operator_lt
operator_lte
operator_mod
operator_mul
operator_neg
operator_not
operator_not_eq
operator_or
operator_paren
operator_pin
operator_require
operator_semicolumn
operator_shift_left
operator_shift_right
operator_sub
void
