fn (x) { x }
fn (x, _y) { x }
fn ([x | _y]) { x }
fn {
  ([]) { :error }
  ([x | _y]) { x }
  (_) { :error }
}
fn (x) do
  "Hello, world !"
  x * 2
end
fn (x) { x }
1
fn (x, _y) { x }
1
fn ([x | _y]) { x }
1
fn {
  ([]) { :error }
  ([x | _y]) { x }
  (_) { :error2 }
}
1
fn (x) do
  "Hello, world !"
  x * 2
end
4
