-170141183460469231731687303715884105728
-170141183460469231731687303715884105728
-170141183460469231731687303715884105728
-170141183460469231731687303715884105728
-170141183460469231731687303715884105727
-170141183460469231731687303715884105727
-170141183460469231731687303715884105727
-170141183460469231731687303715884105727
-9223372036854775808
-9223372036854775808
-9223372036854775808
-9223372036854775808
(S64) -9223372036854775807
(S64) -9223372036854775807
(S64) -9223372036854775807
(S64) -9223372036854775807
(S64) -2147483648
(S64) -2147483648
(S64) -2147483648
(S64) -2147483648
(S32) -2147483647
(S32) -2147483647
(S32) -2147483647
(S32) -2147483647
(S32) -32768
(S32) -32768
(S32) -32768
(S32) -32768
(S16) -32767
(S16) -32767
(S16) -32767
(S16) -32767
(S16) -128
(S16) -128
(S16) -128
(S16) -128
(S8) -127
(S8) -127
(S8) -127
(S8) -127
(U8) 255
(U8) 255
(U8) 255
(U8) 255
(U16) 256
(U16) 256
(U16) 256
(U16) 256
(U16) 65535
(U16) 65535
(U16) 65535
(U16) 65535
(U32) 65536
(U32) 65536
(U32) 65536
(U32) 65536
(U32) 4294967295
(U32) 4294967295
(U32) 4294967295
(U32) 4294967295
(U64) 4294967296
(U64) 4294967296
(U64) 4294967296
(U64) 4294967296
(U64) 18446744073709551615
(U64) 18446744073709551615
(U64) 18446744073709551615
(U64) 18446744073709551615
18446744073709551616
18446744073709551616
18446744073709551616
18446744073709551616
340282366920938463463374607431768211455
340282366920938463463374607431768211455
340282366920938463463374607431768211455
340282366920938463463374607431768211455
340282366920938463463374607431768211456
340282366920938463463374607431768211456
340282366920938463463374607431768211456
340282366920938463463374607431768211456
