-170141183460469231731687303715884105728 & -170141183460469231731687303715884105728
-170141183460469231731687303715884105728
-170141183460469231731687303715884105728 & -170141183460469231731687303715884105727
-170141183460469231731687303715884105728
-170141183460469231731687303715884105728 & -9223372036854775808
-170141183460469231731687303715884105728
-170141183460469231731687303715884105728 & (S64) -9223372036854775807
-170141183460469231731687303715884105728
-170141183460469231731687303715884105728 & (S64) -2147483648
-170141183460469231731687303715884105728
-170141183460469231731687303715884105728 & (S32) -2147483647
-170141183460469231731687303715884105728
-170141183460469231731687303715884105728 & (S32) -32768
-170141183460469231731687303715884105728
-170141183460469231731687303715884105728 & (S16) -32767
-170141183460469231731687303715884105728
-170141183460469231731687303715884105728 & (S16) -128
-170141183460469231731687303715884105728
-170141183460469231731687303715884105728 & (S8) -127
-170141183460469231731687303715884105728
-170141183460469231731687303715884105728 & (U8) 255
0
-170141183460469231731687303715884105728 & (U16) 256
0
-170141183460469231731687303715884105728 & (U16) 65535
0
-170141183460469231731687303715884105728 & (U32) 65536
0
-170141183460469231731687303715884105728 & (U32) 4294967295
0
-170141183460469231731687303715884105728 & (U64) 4294967296
0
-170141183460469231731687303715884105728 & (U64) 18446744073709551615
0
-170141183460469231731687303715884105728 & 18446744073709551616
0
-170141183460469231731687303715884105728 & 340282366920938463463374607431768211455
170141183460469231731687303715884105728
-170141183460469231731687303715884105728 & 340282366920938463463374607431768211456
340282366920938463463374607431768211456
-170141183460469231731687303715884105727 & -170141183460469231731687303715884105728
-170141183460469231731687303715884105728
-170141183460469231731687303715884105727 & -170141183460469231731687303715884105727
-170141183460469231731687303715884105727
-170141183460469231731687303715884105727 & -9223372036854775808
-170141183460469231731687303715884105728
-170141183460469231731687303715884105727 & (S64) -9223372036854775807
-170141183460469231731687303715884105727
-170141183460469231731687303715884105727 & (S64) -2147483648
-170141183460469231731687303715884105728
-170141183460469231731687303715884105727 & (S32) -2147483647
-170141183460469231731687303715884105727
-170141183460469231731687303715884105727 & (S32) -32768
-170141183460469231731687303715884105728
-170141183460469231731687303715884105727 & (S16) -32767
-170141183460469231731687303715884105727
-170141183460469231731687303715884105727 & (S16) -128
-170141183460469231731687303715884105728
-170141183460469231731687303715884105727 & (S8) -127
-170141183460469231731687303715884105727
-170141183460469231731687303715884105727 & (U8) 255
1
-170141183460469231731687303715884105727 & (U16) 256
0
-170141183460469231731687303715884105727 & (U16) 65535
1
-170141183460469231731687303715884105727 & (U32) 65536
0
-170141183460469231731687303715884105727 & (U32) 4294967295
1
-170141183460469231731687303715884105727 & (U64) 4294967296
0
-170141183460469231731687303715884105727 & (U64) 18446744073709551615
1
-170141183460469231731687303715884105727 & 18446744073709551616
0
-170141183460469231731687303715884105727 & 340282366920938463463374607431768211455
170141183460469231731687303715884105729
-170141183460469231731687303715884105727 & 340282366920938463463374607431768211456
340282366920938463463374607431768211456
-9223372036854775808 & -170141183460469231731687303715884105728
-170141183460469231731687303715884105728
-9223372036854775808 & -170141183460469231731687303715884105727
-170141183460469231731687303715884105728
-9223372036854775808 & -9223372036854775808
-9223372036854775808
-9223372036854775808 & (S64) -9223372036854775807
-9223372036854775808
-9223372036854775808 & (S64) -2147483648
-9223372036854775808
-9223372036854775808 & (S32) -2147483647
-9223372036854775808
-9223372036854775808 & (S32) -32768
-9223372036854775808
-9223372036854775808 & (S16) -32767
-9223372036854775808
-9223372036854775808 & (S16) -128
-9223372036854775808
-9223372036854775808 & (S8) -127
-9223372036854775808
-9223372036854775808 & (U8) 255
0
-9223372036854775808 & (U16) 256
0
-9223372036854775808 & (U16) 65535
0
-9223372036854775808 & (U32) 65536
0
-9223372036854775808 & (U32) 4294967295
0
-9223372036854775808 & (U64) 4294967296
0
-9223372036854775808 & (U64) 18446744073709551615
9223372036854775808
-9223372036854775808 & 18446744073709551616
18446744073709551616
-9223372036854775808 & 340282366920938463463374607431768211455
340282366920938463454151235394913435648
-9223372036854775808 & 340282366920938463463374607431768211456
340282366920938463463374607431768211456
(S64) -9223372036854775807 & -170141183460469231731687303715884105728
-170141183460469231731687303715884105728
(S64) -9223372036854775807 & -170141183460469231731687303715884105727
-170141183460469231731687303715884105727
(S64) -9223372036854775807 & -9223372036854775808
-9223372036854775808
(S64) -9223372036854775807 & (S64) -9223372036854775807
(S64) -9223372036854775807
(S64) -9223372036854775807 & (S64) -2147483648
(S64) -9223372036854775808
(S64) -9223372036854775807 & (S32) -2147483647
(S64) -9223372036854775807
(S64) -9223372036854775807 & (S32) -32768
(S64) -9223372036854775808
(S64) -9223372036854775807 & (S16) -32767
(S64) -9223372036854775807
(S64) -9223372036854775807 & (S16) -128
(S64) -9223372036854775808
(S64) -9223372036854775807 & (S8) -127
(S64) -9223372036854775807
(S64) -9223372036854775807 & (U8) 255
(S64) 1
(S64) -9223372036854775807 & (U16) 256
(S64) 0
(S64) -9223372036854775807 & (U16) 65535
(S64) 1
(S64) -9223372036854775807 & (U32) 65536
(S64) 0
(S64) -9223372036854775807 & (U32) 4294967295
(S64) 1
(S64) -9223372036854775807 & (U64) 4294967296
0
(S64) -9223372036854775807 & (U64) 18446744073709551615
9223372036854775809
(S64) -9223372036854775807 & 18446744073709551616
18446744073709551616
(S64) -9223372036854775807 & 340282366920938463463374607431768211455
340282366920938463454151235394913435649
(S64) -9223372036854775807 & 340282366920938463463374607431768211456
340282366920938463463374607431768211456
(S64) -2147483648 & -170141183460469231731687303715884105728
-170141183460469231731687303715884105728
(S64) -2147483648 & -170141183460469231731687303715884105727
-170141183460469231731687303715884105728
(S64) -2147483648 & -9223372036854775808
-9223372036854775808
(S64) -2147483648 & (S64) -9223372036854775807
(S64) -9223372036854775808
(S64) -2147483648 & (S64) -2147483648
(S64) -2147483648
(S64) -2147483648 & (S32) -2147483647
(S64) -2147483648
(S64) -2147483648 & (S32) -32768
(S64) -2147483648
(S64) -2147483648 & (S16) -32767
(S64) -2147483648
(S64) -2147483648 & (S16) -128
(S64) -2147483648
(S64) -2147483648 & (S8) -127
(S64) -2147483648
(S64) -2147483648 & (U8) 255
(S64) 0
(S64) -2147483648 & (U16) 256
(S64) 0
(S64) -2147483648 & (U16) 65535
(S64) 0
(S64) -2147483648 & (U32) 65536
(S64) 0
(S64) -2147483648 & (U32) 4294967295
(S64) 2147483648
(S64) -2147483648 & (U64) 4294967296
4294967296
(S64) -2147483648 & (U64) 18446744073709551615
18446744071562067968
(S64) -2147483648 & 18446744073709551616
18446744073709551616
(S64) -2147483648 & 340282366920938463463374607431768211455
340282366920938463463374607429620727808
(S64) -2147483648 & 340282366920938463463374607431768211456
340282366920938463463374607431768211456
(S32) -2147483647 & -170141183460469231731687303715884105728
-170141183460469231731687303715884105728
(S32) -2147483647 & -170141183460469231731687303715884105727
-170141183460469231731687303715884105727
(S32) -2147483647 & -9223372036854775808
-9223372036854775808
(S32) -2147483647 & (S64) -9223372036854775807
(S64) -9223372036854775807
(S32) -2147483647 & (S64) -2147483648
(S64) -2147483648
(S32) -2147483647 & (S32) -2147483647
(S32) -2147483647
(S32) -2147483647 & (S32) -32768
(S32) -2147483648
(S32) -2147483647 & (S16) -32767
(S32) -2147483647
(S32) -2147483647 & (S16) -128
(S32) -2147483648
(S32) -2147483647 & (S8) -127
(S32) -2147483647
(S32) -2147483647 & (U8) 255
(S32) 1
(S32) -2147483647 & (U16) 256
(S32) 0
(S32) -2147483647 & (U16) 65535
(S32) 1
(S32) -2147483647 & (U32) 65536
(S64) 0
(S32) -2147483647 & (U32) 4294967295
(S64) 2147483649
(S32) -2147483647 & (U64) 4294967296
4294967296
(S32) -2147483647 & (U64) 18446744073709551615
18446744071562067969
(S32) -2147483647 & 18446744073709551616
18446744073709551616
(S32) -2147483647 & 340282366920938463463374607431768211455
340282366920938463463374607429620727809
(S32) -2147483647 & 340282366920938463463374607431768211456
340282366920938463463374607431768211456
(S32) -32768 & -170141183460469231731687303715884105728
-170141183460469231731687303715884105728
(S32) -32768 & -170141183460469231731687303715884105727
-170141183460469231731687303715884105728
(S32) -32768 & -9223372036854775808
-9223372036854775808
(S32) -32768 & (S64) -9223372036854775807
(S64) -9223372036854775808
(S32) -32768 & (S64) -2147483648
(S64) -2147483648
(S32) -32768 & (S32) -2147483647
(S32) -2147483648
(S32) -32768 & (S32) -32768
(S32) -32768
(S32) -32768 & (S16) -32767
(S32) -32768
(S32) -32768 & (S16) -128
(S32) -32768
(S32) -32768 & (S8) -127
(S32) -32768
(S32) -32768 & (U8) 255
(S32) 0
(S32) -32768 & (U16) 256
(S32) 0
(S32) -32768 & (U16) 65535
(S32) 32768
(S32) -32768 & (U32) 65536
(S64) 65536
(S32) -32768 & (U32) 4294967295
(S64) 4294934528
(S32) -32768 & (U64) 4294967296
4294967296
(S32) -32768 & (U64) 18446744073709551615
18446744073709518848
(S32) -32768 & 18446744073709551616
18446744073709551616
(S32) -32768 & 340282366920938463463374607431768211455
340282366920938463463374607431768178688
(S32) -32768 & 340282366920938463463374607431768211456
340282366920938463463374607431768211456
(S16) -32767 & -170141183460469231731687303715884105728
-170141183460469231731687303715884105728
(S16) -32767 & -170141183460469231731687303715884105727
-170141183460469231731687303715884105727
(S16) -32767 & -9223372036854775808
-9223372036854775808
(S16) -32767 & (S64) -9223372036854775807
(S64) -9223372036854775807
(S16) -32767 & (S64) -2147483648
(S64) -2147483648
(S16) -32767 & (S32) -2147483647
(S32) -2147483647
(S16) -32767 & (S32) -32768
(S32) -32768
(S16) -32767 & (S16) -32767
(S16) -32767
(S16) -32767 & (S16) -128
(S16) -32768
(S16) -32767 & (S8) -127
(S16) -32767
(S16) -32767 & (U8) 255
(S16) 1
(S16) -32767 & (U16) 256
(S32) 0
(S16) -32767 & (U16) 65535
(S32) 32769
(S16) -32767 & (U32) 65536
(S64) 65536
(S16) -32767 & (U32) 4294967295
(S64) 4294934529
(S16) -32767 & (U64) 4294967296
4294967296
(S16) -32767 & (U64) 18446744073709551615
18446744073709518849
(S16) -32767 & 18446744073709551616
18446744073709551616
(S16) -32767 & 340282366920938463463374607431768211455
340282366920938463463374607431768178689
(S16) -32767 & 340282366920938463463374607431768211456
340282366920938463463374607431768211456
(S16) -128 & -170141183460469231731687303715884105728
-170141183460469231731687303715884105728
(S16) -128 & -170141183460469231731687303715884105727
-170141183460469231731687303715884105728
(S16) -128 & -9223372036854775808
-9223372036854775808
(S16) -128 & (S64) -9223372036854775807
(S64) -9223372036854775808
(S16) -128 & (S64) -2147483648
(S64) -2147483648
(S16) -128 & (S32) -2147483647
(S32) -2147483648
(S16) -128 & (S32) -32768
(S32) -32768
(S16) -128 & (S16) -32767
(S16) -32768
(S16) -128 & (S16) -128
(S16) -128
(S16) -128 & (S8) -127
(S16) -128
(S16) -128 & (U8) 255
(S16) 128
(S16) -128 & (U16) 256
(S32) 256
(S16) -128 & (U16) 65535
(S32) 65408
(S16) -128 & (U32) 65536
(S64) 65536
(S16) -128 & (U32) 4294967295
(S64) 4294967168
(S16) -128 & (U64) 4294967296
4294967296
(S16) -128 & (U64) 18446744073709551615
18446744073709551488
(S16) -128 & 18446744073709551616
18446744073709551616
(S16) -128 & 340282366920938463463374607431768211455
340282366920938463463374607431768211328
(S16) -128 & 340282366920938463463374607431768211456
340282366920938463463374607431768211456
(S8) -127 & -170141183460469231731687303715884105728
-170141183460469231731687303715884105728
(S8) -127 & -170141183460469231731687303715884105727
-170141183460469231731687303715884105727
(S8) -127 & -9223372036854775808
-9223372036854775808
(S8) -127 & (S64) -9223372036854775807
(S64) -9223372036854775807
(S8) -127 & (S64) -2147483648
(S64) -2147483648
(S8) -127 & (S32) -2147483647
(S32) -2147483647
(S8) -127 & (S32) -32768
(S32) -32768
(S8) -127 & (S16) -32767
(S16) -32767
(S8) -127 & (S16) -128
(S16) -128
(S8) -127 & (S8) -127
(S8) -127
(S8) -127 & (U8) 255
(S16) 129
(S8) -127 & (U16) 256
(S32) 256
(S8) -127 & (U16) 65535
(S32) 65409
(S8) -127 & (U32) 65536
(S64) 65536
(S8) -127 & (U32) 4294967295
(S64) 4294967169
(S8) -127 & (U64) 4294967296
4294967296
(S8) -127 & (U64) 18446744073709551615
18446744073709551489
(S8) -127 & 18446744073709551616
18446744073709551616
(S8) -127 & 340282366920938463463374607431768211455
340282366920938463463374607431768211329
(S8) -127 & 340282366920938463463374607431768211456
340282366920938463463374607431768211456
(U8) 255 & -170141183460469231731687303715884105728
(U8) 0
(U8) 255 & -170141183460469231731687303715884105727
(U8) 1
(U8) 255 & -9223372036854775808
(U8) 0
(U8) 255 & (S64) -9223372036854775807
(U8) 1
(U8) 255 & (S64) -2147483648
(U8) 0
(U8) 255 & (S32) -2147483647
(U8) 1
(U8) 255 & (S32) -32768
(U8) 0
(U8) 255 & (S16) -32767
(U8) 1
(U8) 255 & (S16) -128
(U8) 128
(U8) 255 & (S8) -127
(U8) 129
(U8) 255 & (U8) 255
(U8) 255
(U8) 255 & (U16) 256
(U8) 0
(U8) 255 & (U16) 65535
(U8) 255
(U8) 255 & (U32) 65536
(U8) 0
(U8) 255 & (U32) 4294967295
(U8) 255
(U8) 255 & (U64) 4294967296
(U8) 0
(U8) 255 & (U64) 18446744073709551615
(U8) 255
(U8) 255 & 18446744073709551616
(U8) 0
(U8) 255 & 340282366920938463463374607431768211455
(U8) 255
(U8) 255 & 340282366920938463463374607431768211456
(U8) 0
(U16) 256 & -170141183460469231731687303715884105728
(U16) 0
(U16) 256 & -170141183460469231731687303715884105727
(U16) 0
(U16) 256 & -9223372036854775808
(U16) 0
(U16) 256 & (S64) -9223372036854775807
(U16) 0
(U16) 256 & (S64) -2147483648
(U16) 0
(U16) 256 & (S32) -2147483647
(U16) 0
(U16) 256 & (S32) -32768
(U16) 0
(U16) 256 & (S16) -32767
(U16) 0
(U16) 256 & (S16) -128
(U16) 256
(U16) 256 & (S8) -127
(U16) 256
(U16) 256 & (U8) 255
(U16) 0
(U16) 256 & (U16) 256
(U16) 256
(U16) 256 & (U16) 65535
(U16) 256
(U16) 256 & (U32) 65536
(U16) 0
(U16) 256 & (U32) 4294967295
(U16) 256
(U16) 256 & (U64) 4294967296
(U16) 0
(U16) 256 & (U64) 18446744073709551615
(U16) 256
(U16) 256 & 18446744073709551616
(U16) 0
(U16) 256 & 340282366920938463463374607431768211455
(U16) 256
(U16) 256 & 340282366920938463463374607431768211456
(U16) 0
(U16) 65535 & -170141183460469231731687303715884105728
(U16) 0
(U16) 65535 & -170141183460469231731687303715884105727
(U16) 1
(U16) 65535 & -9223372036854775808
(U16) 0
(U16) 65535 & (S64) -9223372036854775807
(U16) 1
(U16) 65535 & (S64) -2147483648
(U16) 0
(U16) 65535 & (S32) -2147483647
(U16) 1
(U16) 65535 & (S32) -32768
(U16) 32768
(U16) 65535 & (S16) -32767
(U16) 32769
(U16) 65535 & (S16) -128
(U16) 65408
(U16) 65535 & (S8) -127
(U16) 65409
(U16) 65535 & (U8) 255
(U16) 255
(U16) 65535 & (U16) 256
(U16) 256
(U16) 65535 & (U16) 65535
(U16) 65535
(U16) 65535 & (U32) 65536
(U16) 0
(U16) 65535 & (U32) 4294967295
(U16) 65535
(U16) 65535 & (U64) 4294967296
(U16) 0
(U16) 65535 & (U64) 18446744073709551615
(U16) 65535
(U16) 65535 & 18446744073709551616
(U16) 0
(U16) 65535 & 340282366920938463463374607431768211455
(U16) 65535
(U16) 65535 & 340282366920938463463374607431768211456
(U16) 0
(U32) 65536 & -170141183460469231731687303715884105728
(U32) 0
(U32) 65536 & -170141183460469231731687303715884105727
(U32) 0
(U32) 65536 & -9223372036854775808
(U32) 0
(U32) 65536 & (S64) -9223372036854775807
(U32) 0
(U32) 65536 & (S64) -2147483648
(U32) 0
(U32) 65536 & (S32) -2147483647
(U32) 0
(U32) 65536 & (S32) -32768
(U32) 65536
(U32) 65536 & (S16) -32767
(U32) 65536
(U32) 65536 & (S16) -128
(U32) 65536
(U32) 65536 & (S8) -127
(U32) 65536
(U32) 65536 & (U8) 255
(U32) 0
(U32) 65536 & (U16) 256
(U32) 0
(U32) 65536 & (U16) 65535
(U32) 0
(U32) 65536 & (U32) 65536
(U32) 65536
(U32) 65536 & (U32) 4294967295
(U32) 65536
(U32) 65536 & (U64) 4294967296
(U32) 0
(U32) 65536 & (U64) 18446744073709551615
(U32) 65536
(U32) 65536 & 18446744073709551616
(U32) 0
(U32) 65536 & 340282366920938463463374607431768211455
(U32) 65536
(U32) 65536 & 340282366920938463463374607431768211456
(U32) 0
(U32) 4294967295 & -170141183460469231731687303715884105728
(U32) 0
(U32) 4294967295 & -170141183460469231731687303715884105727
(U32) 1
(U32) 4294967295 & -9223372036854775808
(U32) 0
(U32) 4294967295 & (S64) -9223372036854775807
(U32) 1
(U32) 4294967295 & (S64) -2147483648
(U32) 2147483648
(U32) 4294967295 & (S32) -2147483647
(U32) 2147483649
(U32) 4294967295 & (S32) -32768
(U32) 4294934528
(U32) 4294967295 & (S16) -32767
(U32) 4294934529
(U32) 4294967295 & (S16) -128
(U32) 4294967168
(U32) 4294967295 & (S8) -127
(U32) 4294967169
(U32) 4294967295 & (U8) 255
(U32) 255
(U32) 4294967295 & (U16) 256
(U32) 256
(U32) 4294967295 & (U16) 65535
(U32) 65535
(U32) 4294967295 & (U32) 65536
(U32) 65536
(U32) 4294967295 & (U32) 4294967295
(U32) 4294967295
(U32) 4294967295 & (U64) 4294967296
(U32) 0
(U32) 4294967295 & (U64) 18446744073709551615
(U32) 4294967295
(U32) 4294967295 & 18446744073709551616
(U32) 0
(U32) 4294967295 & 340282366920938463463374607431768211455
(U32) 4294967295
(U32) 4294967295 & 340282366920938463463374607431768211456
(U32) 0
(U64) 4294967296 & -170141183460469231731687303715884105728
(U64) 0
(U64) 4294967296 & -170141183460469231731687303715884105727
(U64) 0
(U64) 4294967296 & -9223372036854775808
(U64) 0
(U64) 4294967296 & (S64) -9223372036854775807
(U64) 0
(U64) 4294967296 & (S64) -2147483648
(U64) 4294967296
(U64) 4294967296 & (S32) -2147483647
(U64) 4294967296
(U64) 4294967296 & (S32) -32768
(U64) 4294967296
(U64) 4294967296 & (S16) -32767
(U64) 4294967296
(U64) 4294967296 & (S16) -128
(U64) 4294967296
(U64) 4294967296 & (S8) -127
(U64) 4294967296
(U64) 4294967296 & (U8) 255
(U64) 0
(U64) 4294967296 & (U16) 256
(U64) 0
(U64) 4294967296 & (U16) 65535
(U64) 0
(U64) 4294967296 & (U32) 65536
(U64) 0
(U64) 4294967296 & (U32) 4294967295
(U64) 0
(U64) 4294967296 & (U64) 4294967296
(U64) 4294967296
(U64) 4294967296 & (U64) 18446744073709551615
(U64) 4294967296
(U64) 4294967296 & 18446744073709551616
(U64) 0
(U64) 4294967296 & 340282366920938463463374607431768211455
(U64) 4294967296
(U64) 4294967296 & 340282366920938463463374607431768211456
(U64) 0
(U64) 18446744073709551615 & -170141183460469231731687303715884105728
(U64) 0
(U64) 18446744073709551615 & -170141183460469231731687303715884105727
(U64) 1
(U64) 18446744073709551615 & -9223372036854775808
(U64) 9223372036854775808
(U64) 18446744073709551615 & (S64) -9223372036854775807
(U64) 9223372036854775809
(U64) 18446744073709551615 & (S64) -2147483648
(U64) 18446744071562067968
(U64) 18446744073709551615 & (S32) -2147483647
(U64) 18446744071562067969
(U64) 18446744073709551615 & (S32) -32768
(U64) 18446744073709518848
(U64) 18446744073709551615 & (S16) -32767
(U64) 18446744073709518849
(U64) 18446744073709551615 & (S16) -128
(U64) 18446744073709551488
(U64) 18446744073709551615 & (S8) -127
(U64) 18446744073709551489
(U64) 18446744073709551615 & (U8) 255
(U64) 255
(U64) 18446744073709551615 & (U16) 256
(U64) 256
(U64) 18446744073709551615 & (U16) 65535
(U64) 65535
(U64) 18446744073709551615 & (U32) 65536
(U64) 65536
(U64) 18446744073709551615 & (U32) 4294967295
(U64) 4294967295
(U64) 18446744073709551615 & (U64) 4294967296
(U64) 4294967296
(U64) 18446744073709551615 & (U64) 18446744073709551615
(U64) 18446744073709551615
(U64) 18446744073709551615 & 18446744073709551616
(U64) 0
(U64) 18446744073709551615 & 340282366920938463463374607431768211455
(U64) 18446744073709551615
(U64) 18446744073709551615 & 340282366920938463463374607431768211456
(U64) 0
18446744073709551616 & -170141183460469231731687303715884105728
0
18446744073709551616 & -170141183460469231731687303715884105727
0
18446744073709551616 & -9223372036854775808
18446744073709551616
18446744073709551616 & (S64) -9223372036854775807
18446744073709551616
18446744073709551616 & (S64) -2147483648
18446744073709551616
18446744073709551616 & (S32) -2147483647
18446744073709551616
18446744073709551616 & (S32) -32768
18446744073709551616
18446744073709551616 & (S16) -32767
18446744073709551616
18446744073709551616 & (S16) -128
18446744073709551616
18446744073709551616 & (S8) -127
18446744073709551616
18446744073709551616 & (U8) 255
0
18446744073709551616 & (U16) 256
0
18446744073709551616 & (U16) 65535
0
18446744073709551616 & (U32) 65536
0
18446744073709551616 & (U32) 4294967295
0
18446744073709551616 & (U64) 4294967296
0
18446744073709551616 & (U64) 18446744073709551615
0
18446744073709551616 & 18446744073709551616
18446744073709551616
18446744073709551616 & 340282366920938463463374607431768211455
18446744073709551616
18446744073709551616 & 340282366920938463463374607431768211456
0
340282366920938463463374607431768211455 & -170141183460469231731687303715884105728
170141183460469231731687303715884105728
340282366920938463463374607431768211455 & -170141183460469231731687303715884105727
170141183460469231731687303715884105729
340282366920938463463374607431768211455 & -9223372036854775808
340282366920938463454151235394913435648
340282366920938463463374607431768211455 & (S64) -9223372036854775807
340282366920938463454151235394913435649
340282366920938463463374607431768211455 & (S64) -2147483648
340282366920938463463374607429620727808
340282366920938463463374607431768211455 & (S32) -2147483647
340282366920938463463374607429620727809
340282366920938463463374607431768211455 & (S32) -32768
340282366920938463463374607431768178688
340282366920938463463374607431768211455 & (S16) -32767
340282366920938463463374607431768178689
340282366920938463463374607431768211455 & (S16) -128
340282366920938463463374607431768211328
340282366920938463463374607431768211455 & (S8) -127
340282366920938463463374607431768211329
340282366920938463463374607431768211455 & (U8) 255
255
340282366920938463463374607431768211455 & (U16) 256
256
340282366920938463463374607431768211455 & (U16) 65535
65535
340282366920938463463374607431768211455 & (U32) 65536
65536
340282366920938463463374607431768211455 & (U32) 4294967295
4294967295
340282366920938463463374607431768211455 & (U64) 4294967296
4294967296
340282366920938463463374607431768211455 & (U64) 18446744073709551615
18446744073709551615
340282366920938463463374607431768211455 & 18446744073709551616
18446744073709551616
340282366920938463463374607431768211455 & 340282366920938463463374607431768211455
340282366920938463463374607431768211455
340282366920938463463374607431768211455 & 340282366920938463463374607431768211456
0
340282366920938463463374607431768211456 & -170141183460469231731687303715884105728
340282366920938463463374607431768211456
340282366920938463463374607431768211456 & -170141183460469231731687303715884105727
340282366920938463463374607431768211456
340282366920938463463374607431768211456 & -9223372036854775808
340282366920938463463374607431768211456
340282366920938463463374607431768211456 & (S64) -9223372036854775807
340282366920938463463374607431768211456
340282366920938463463374607431768211456 & (S64) -2147483648
340282366920938463463374607431768211456
340282366920938463463374607431768211456 & (S32) -2147483647
340282366920938463463374607431768211456
340282366920938463463374607431768211456 & (S32) -32768
340282366920938463463374607431768211456
340282366920938463463374607431768211456 & (S16) -32767
340282366920938463463374607431768211456
340282366920938463463374607431768211456 & (S16) -128
340282366920938463463374607431768211456
340282366920938463463374607431768211456 & (S8) -127
340282366920938463463374607431768211456
340282366920938463463374607431768211456 & (U8) 255
0
340282366920938463463374607431768211456 & (U16) 256
0
340282366920938463463374607431768211456 & (U16) 65535
0
340282366920938463463374607431768211456 & (U32) 65536
0
340282366920938463463374607431768211456 & (U32) 4294967295
0
340282366920938463463374607431768211456 & (U64) 4294967296
0
340282366920938463463374607431768211456 & (U64) 18446744073709551615
0
340282366920938463463374607431768211456 & 18446744073709551616
0
340282366920938463463374607431768211456 & 340282366920938463463374607431768211455
0
340282366920938463463374607431768211456 & 340282366920938463463374607431768211456
340282366920938463463374607431768211456
