-170141183460469231731687303715884105728 / -170141183460469231731687303715884105728
1
-170141183460469231731687303715884105728 / -170141183460469231731687303715884105727
1
-170141183460469231731687303715884105728 / -9223372036854775808
18446744073709551616
-170141183460469231731687303715884105728 / (S64) -9223372036854775807
18446744073709551618
-170141183460469231731687303715884105728 / (S64) -2147483648
79228162514264337593543950336
-170141183460469231731687303715884105728 / (S32) -2147483647
79228162551157825758142922760
-170141183460469231731687303715884105728 / (S32) -32768
5192296858534827628530496329220096
-170141183460469231731687303715884105728 / (S16) -32767
5192455319695707014120526862876800
-170141183460469231731687303715884105728 / (S16) -128
1329227995784915872903807060280344576
-170141183460469231731687303715884105728 / (S8) -127
1339694357956450643556592942644756738
-170141183460469231731687303715884105728 / (U8) 255
-667220327295957771496812955748565120
-170141183460469231731687303715884105728 / (U16) 256
-664613997892457936451903530140172288
-170141183460469231731687303715884105728 / (U16) 65535
-2596188043953143079754136014585856
-170141183460469231731687303715884105728 / (U32) 65536
-2596148429267413814265248164610048
-170141183460469231731687303715884105728 / (U32) 4294967295
-39614081266355540835774234624
-170141183460469231731687303715884105728 / (U64) 4294967296
-39614081257132168796771975168
-170141183460469231731687303715884105728 / (U64) 18446744073709551615
-9223372036854775808
-170141183460469231731687303715884105728 / 18446744073709551616
-9223372036854775808
-170141183460469231731687303715884105728 / 340282366920938463463374607431768211455
0
-170141183460469231731687303715884105728 / 340282366920938463463374607431768211456
0
-170141183460469231731687303715884105727 / -170141183460469231731687303715884105728
0
-170141183460469231731687303715884105727 / -170141183460469231731687303715884105727
1
-170141183460469231731687303715884105727 / -9223372036854775808
18446744073709551615
-170141183460469231731687303715884105727 / (S64) -9223372036854775807
18446744073709551618
-170141183460469231731687303715884105727 / (S64) -2147483648
79228162514264337593543950335
-170141183460469231731687303715884105727 / (S32) -2147483647
79228162551157825758142922760
-170141183460469231731687303715884105727 / (S32) -32768
5192296858534827628530496329220095
-170141183460469231731687303715884105727 / (S16) -32767
5192455319695707014120526862876800
-170141183460469231731687303715884105727 / (S16) -128
1329227995784915872903807060280344575
-170141183460469231731687303715884105727 / (S8) -127
1339694357956450643556592942644756738
-170141183460469231731687303715884105727 / (U8) 255
-667220327295957771496812955748565120
-170141183460469231731687303715884105727 / (U16) 256
-664613997892457936451903530140172287
-170141183460469231731687303715884105727 / (U16) 65535
-2596188043953143079754136014585856
-170141183460469231731687303715884105727 / (U32) 65536
-2596148429267413814265248164610047
-170141183460469231731687303715884105727 / (U32) 4294967295
-39614081266355540835774234624
-170141183460469231731687303715884105727 / (U64) 4294967296
-39614081257132168796771975167
-170141183460469231731687303715884105727 / (U64) 18446744073709551615
-9223372036854775808
-170141183460469231731687303715884105727 / 18446744073709551616
-9223372036854775807
-170141183460469231731687303715884105727 / 340282366920938463463374607431768211455
0
-170141183460469231731687303715884105727 / 340282366920938463463374607431768211456
0
-9223372036854775808 / -170141183460469231731687303715884105728
0
-9223372036854775808 / -170141183460469231731687303715884105727
0
-9223372036854775808 / -9223372036854775808
1
-9223372036854775808 / (S64) -9223372036854775807
1
-9223372036854775808 / (S64) -2147483648
4294967296
-9223372036854775808 / (S32) -2147483647
4294967298
-9223372036854775808 / (S32) -32768
281474976710656
-9223372036854775808 / (S16) -32767
281483566907400
-9223372036854775808 / (S16) -128
72057594037927936
-9223372036854775808 / (S8) -127
72624976668147841
-9223372036854775808 / (U8) 255
-36170086419038336
-9223372036854775808 / (U16) 256
-36028797018963968
-9223372036854775808 / (U16) 65535
-140739635871744
-9223372036854775808 / (U32) 65536
-140737488355328
-9223372036854775808 / (U32) 4294967295
-2147483648
-9223372036854775808 / (U64) 4294967296
-2147483648
-9223372036854775808 / (U64) 18446744073709551615
0
-9223372036854775808 / 18446744073709551616
0
-9223372036854775808 / 340282366920938463463374607431768211455
0
-9223372036854775808 / 340282366920938463463374607431768211456
0
(S64) -9223372036854775807 / -170141183460469231731687303715884105728
0
(S64) -9223372036854775807 / -170141183460469231731687303715884105727
0
(S64) -9223372036854775807 / -9223372036854775808
0
(S64) -9223372036854775807 / (S64) -9223372036854775807
(S64) 1
(S64) -9223372036854775807 / (S64) -2147483648
(S64) 4294967295
(S64) -9223372036854775807 / (S32) -2147483647
(S64) 4294967298
(S64) -9223372036854775807 / (S32) -32768
(S64) 281474976710655
(S64) -9223372036854775807 / (S16) -32767
(S64) 281483566907400
(S64) -9223372036854775807 / (S16) -128
(S64) 72057594037927935
(S64) -9223372036854775807 / (S8) -127
(S64) 72624976668147841
(S64) -9223372036854775807 / (U8) 255
(S64) -36170086419038336
(S64) -9223372036854775807 / (U16) 256
(S64) -36028797018963967
(S64) -9223372036854775807 / (U16) 65535
(S64) -140739635871744
(S64) -9223372036854775807 / (U32) 65536
(S64) -140737488355327
(S64) -9223372036854775807 / (U32) 4294967295
(S64) -2147483648
(S64) -9223372036854775807 / (U64) 4294967296
(S64) -2147483647
(S64) -9223372036854775807 / (U64) 18446744073709551615
(S64) 0
(S64) -9223372036854775807 / 18446744073709551616
0
(S64) -9223372036854775807 / 340282366920938463463374607431768211455
0
(S64) -9223372036854775807 / 340282366920938463463374607431768211456
0
(S64) -2147483648 / -170141183460469231731687303715884105728
0
(S64) -2147483648 / -170141183460469231731687303715884105727
0
(S64) -2147483648 / -9223372036854775808
0
(S64) -2147483648 / (S64) -9223372036854775807
(S64) 0
(S64) -2147483648 / (S64) -2147483648
(S64) 1
(S64) -2147483648 / (S32) -2147483647
(S64) 1
(S64) -2147483648 / (S32) -32768
(S64) 65536
(S64) -2147483648 / (S16) -32767
(S64) 65538
(S64) -2147483648 / (S16) -128
(S64) 16777216
(S64) -2147483648 / (S8) -127
(S64) 16909320
(S64) -2147483648 / (U8) 255
(S64) -8421504
(S64) -2147483648 / (U16) 256
(S64) -8388608
(S64) -2147483648 / (U16) 65535
(S64) -32768
(S64) -2147483648 / (U32) 65536
(S64) -32768
(S64) -2147483648 / (U32) 4294967295
(S64) 0
(S64) -2147483648 / (U64) 4294967296
(S64) 0
(S64) -2147483648 / (U64) 18446744073709551615
(S64) 0
(S64) -2147483648 / 18446744073709551616
0
(S64) -2147483648 / 340282366920938463463374607431768211455
0
(S64) -2147483648 / 340282366920938463463374607431768211456
0
(S32) -2147483647 / -170141183460469231731687303715884105728
0
(S32) -2147483647 / -170141183460469231731687303715884105727
0
(S32) -2147483647 / -9223372036854775808
0
(S32) -2147483647 / (S64) -9223372036854775807
(S32) 0
(S32) -2147483647 / (S64) -2147483648
(S32) 0
(S32) -2147483647 / (S32) -2147483647
(S32) 1
(S32) -2147483647 / (S32) -32768
(S32) 65535
(S32) -2147483647 / (S16) -32767
(S32) 65538
(S32) -2147483647 / (S16) -128
(S32) 16777215
(S32) -2147483647 / (S8) -127
(S32) 16909320
(S32) -2147483647 / (U8) 255
(S32) -8421504
(S32) -2147483647 / (U16) 256
(S32) -8388607
(S32) -2147483647 / (U16) 65535
(S32) -32768
(S32) -2147483647 / (U32) 65536
(S32) -32767
(S32) -2147483647 / (U32) 4294967295
(S32) 0
(S32) -2147483647 / (U64) 4294967296
(S32) 0
(S32) -2147483647 / (U64) 18446744073709551615
(S32) 0
(S32) -2147483647 / 18446744073709551616
0
(S32) -2147483647 / 340282366920938463463374607431768211455
0
(S32) -2147483647 / 340282366920938463463374607431768211456
0
(S32) -32768 / -170141183460469231731687303715884105728
0
(S32) -32768 / -170141183460469231731687303715884105727
0
(S32) -32768 / -9223372036854775808
0
(S32) -32768 / (S64) -9223372036854775807
(S32) 0
(S32) -32768 / (S64) -2147483648
(S32) 0
(S32) -32768 / (S32) -2147483647
(S32) 0
(S32) -32768 / (S32) -32768
(S32) 1
(S32) -32768 / (S16) -32767
(S32) 1
(S32) -32768 / (S16) -128
(S32) 256
(S32) -32768 / (S8) -127
(S32) 258
(S32) -32768 / (U8) 255
(S32) -128
(S32) -32768 / (U16) 256
(S32) -128
(S32) -32768 / (U16) 65535
(S32) 0
(S32) -32768 / (U32) 65536
(S32) 0
(S32) -32768 / (U32) 4294967295
(S32) 0
(S32) -32768 / (U64) 4294967296
(S32) 0
(S32) -32768 / (U64) 18446744073709551615
(S32) 0
(S32) -32768 / 18446744073709551616
0
(S32) -32768 / 340282366920938463463374607431768211455
0
(S32) -32768 / 340282366920938463463374607431768211456
0
(S16) -32767 / -170141183460469231731687303715884105728
0
(S16) -32767 / -170141183460469231731687303715884105727
0
(S16) -32767 / -9223372036854775808
0
(S16) -32767 / (S64) -9223372036854775807
(S16) 0
(S16) -32767 / (S64) -2147483648
(S16) 0
(S16) -32767 / (S32) -2147483647
(S16) 0
(S16) -32767 / (S32) -32768
(S16) 0
(S16) -32767 / (S16) -32767
(S16) 1
(S16) -32767 / (S16) -128
(S16) 255
(S16) -32767 / (S8) -127
(S16) 258
(S16) -32767 / (U8) 255
(S16) -128
(S16) -32767 / (U16) 256
(S16) -127
(S16) -32767 / (U16) 65535
(S16) 0
(S16) -32767 / (U32) 65536
(S16) 0
(S16) -32767 / (U32) 4294967295
(S16) 0
(S16) -32767 / (U64) 4294967296
(S16) 0
(S16) -32767 / (U64) 18446744073709551615
(S16) 0
(S16) -32767 / 18446744073709551616
0
(S16) -32767 / 340282366920938463463374607431768211455
0
(S16) -32767 / 340282366920938463463374607431768211456
0
(S16) -128 / -170141183460469231731687303715884105728
0
(S16) -128 / -170141183460469231731687303715884105727
0
(S16) -128 / -9223372036854775808
0
(S16) -128 / (S64) -9223372036854775807
(S16) 0
(S16) -128 / (S64) -2147483648
(S16) 0
(S16) -128 / (S32) -2147483647
(S16) 0
(S16) -128 / (S32) -32768
(S16) 0
(S16) -128 / (S16) -32767
(S16) 0
(S16) -128 / (S16) -128
(S16) 1
(S16) -128 / (S8) -127
(S16) 1
(S16) -128 / (U8) 255
(S16) 0
(S16) -128 / (U16) 256
(S16) 0
(S16) -128 / (U16) 65535
(S16) 0
(S16) -128 / (U32) 65536
(S16) 0
(S16) -128 / (U32) 4294967295
(S16) 0
(S16) -128 / (U64) 4294967296
(S16) 0
(S16) -128 / (U64) 18446744073709551615
(S16) 0
(S16) -128 / 18446744073709551616
0
(S16) -128 / 340282366920938463463374607431768211455
0
(S16) -128 / 340282366920938463463374607431768211456
0
(S8) -127 / -170141183460469231731687303715884105728
0
(S8) -127 / -170141183460469231731687303715884105727
0
(S8) -127 / -9223372036854775808
0
(S8) -127 / (S64) -9223372036854775807
(S8) 0
(S8) -127 / (S64) -2147483648
(S8) 0
(S8) -127 / (S32) -2147483647
(S8) 0
(S8) -127 / (S32) -32768
(S8) 0
(S8) -127 / (S16) -32767
(S8) 0
(S8) -127 / (S16) -128
(S8) 0
(S8) -127 / (S8) -127
(S8) 1
(S8) -127 / (U8) 255
(S8) 0
(S8) -127 / (U16) 256
(S8) 0
(S8) -127 / (U16) 65535
(S8) 0
(S8) -127 / (U32) 65536
(S8) 0
(S8) -127 / (U32) 4294967295
(S8) 0
(S8) -127 / (U64) 4294967296
(S8) 0
(S8) -127 / (U64) 18446744073709551615
(S8) 0
(S8) -127 / 18446744073709551616
0
(S8) -127 / 340282366920938463463374607431768211455
0
(S8) -127 / 340282366920938463463374607431768211456
0
(U8) 255 / -170141183460469231731687303715884105728
0
(U8) 255 / -170141183460469231731687303715884105727
0
(U8) 255 / -9223372036854775808
0
(U8) 255 / (S64) -9223372036854775807
(S16) 0
(U8) 255 / (S64) -2147483648
(S16) 0
(U8) 255 / (S32) -2147483647
(S16) 0
(U8) 255 / (S32) -32768
(S16) 0
(U8) 255 / (S16) -32767
(S16) 0
(U8) 255 / (S16) -128
(S16) -1
(U8) 255 / (S8) -127
(S16) -2
(U8) 255 / (U8) 255
(U8) 1
(U8) 255 / (U16) 256
(U16) 0
(U8) 255 / (U16) 65535
(U16) 0
(U8) 255 / (U32) 65536
(U32) 0
(U8) 255 / (U32) 4294967295
(U32) 0
(U8) 255 / (U64) 4294967296
(U64) 0
(U8) 255 / (U64) 18446744073709551615
(U64) 0
(U8) 255 / 18446744073709551616
0
(U8) 255 / 340282366920938463463374607431768211455
0
(U8) 255 / 340282366920938463463374607431768211456
0
(U16) 256 / -170141183460469231731687303715884105728
0
(U16) 256 / -170141183460469231731687303715884105727
0
(U16) 256 / -9223372036854775808
0
(U16) 256 / (S64) -9223372036854775807
(S32) 0
(U16) 256 / (S64) -2147483648
(S32) 0
(U16) 256 / (S32) -2147483647
(S32) 0
(U16) 256 / (S32) -32768
(S32) 0
(U16) 256 / (S16) -32767
(S32) 0
(U16) 256 / (S16) -128
(S32) -2
(U16) 256 / (S8) -127
(S32) -2
(U16) 256 / (U8) 255
(U16) 1
(U16) 256 / (U16) 256
(U16) 1
(U16) 256 / (U16) 65535
(U16) 0
(U16) 256 / (U32) 65536
(U16) 0
(U16) 256 / (U32) 4294967295
(U16) 0
(U16) 256 / (U64) 4294967296
(U16) 0
(U16) 256 / (U64) 18446744073709551615
(U16) 0
(U16) 256 / 18446744073709551616
0
(U16) 256 / 340282366920938463463374607431768211455
0
(U16) 256 / 340282366920938463463374607431768211456
0
(U16) 65535 / -170141183460469231731687303715884105728
0
(U16) 65535 / -170141183460469231731687303715884105727
0
(U16) 65535 / -9223372036854775808
0
(U16) 65535 / (S64) -9223372036854775807
(S32) 0
(U16) 65535 / (S64) -2147483648
(S32) 0
(U16) 65535 / (S32) -2147483647
(S32) 0
(U16) 65535 / (S32) -32768
(S32) -1
(U16) 65535 / (S16) -32767
(S32) -2
(U16) 65535 / (S16) -128
(S32) -511
(U16) 65535 / (S8) -127
(S32) -516
(U16) 65535 / (U8) 255
(U16) 257
(U16) 65535 / (U16) 256
(U16) 255
(U16) 65535 / (U16) 65535
(U16) 1
(U16) 65535 / (U32) 65536
(U16) 0
(U16) 65535 / (U32) 4294967295
(U16) 0
(U16) 65535 / (U64) 4294967296
(U16) 0
(U16) 65535 / (U64) 18446744073709551615
(U16) 0
(U16) 65535 / 18446744073709551616
0
(U16) 65535 / 340282366920938463463374607431768211455
0
(U16) 65535 / 340282366920938463463374607431768211456
0
(U32) 65536 / -170141183460469231731687303715884105728
0
(U32) 65536 / -170141183460469231731687303715884105727
0
(U32) 65536 / -9223372036854775808
0
(U32) 65536 / (S64) -9223372036854775807
(S64) 0
(U32) 65536 / (S64) -2147483648
(S64) 0
(U32) 65536 / (S32) -2147483647
(S64) 0
(U32) 65536 / (S32) -32768
(S64) -2
(U32) 65536 / (S16) -32767
(S64) -2
(U32) 65536 / (S16) -128
(S64) -512
(U32) 65536 / (S8) -127
(S64) -516
(U32) 65536 / (U8) 255
(U32) 257
(U32) 65536 / (U16) 256
(U32) 256
(U32) 65536 / (U16) 65535
(U32) 1
(U32) 65536 / (U32) 65536
(U32) 1
(U32) 65536 / (U32) 4294967295
(U32) 0
(U32) 65536 / (U64) 4294967296
(U64) 0
(U32) 65536 / (U64) 18446744073709551615
(U64) 0
(U32) 65536 / 18446744073709551616
0
(U32) 65536 / 340282366920938463463374607431768211455
0
(U32) 65536 / 340282366920938463463374607431768211456
0
(U32) 4294967295 / -170141183460469231731687303715884105728
0
(U32) 4294967295 / -170141183460469231731687303715884105727
0
(U32) 4294967295 / -9223372036854775808
0
(U32) 4294967295 / (S64) -9223372036854775807
(S64) 0
(U32) 4294967295 / (S64) -2147483648
(S64) -1
(U32) 4294967295 / (S32) -2147483647
(S64) -2
(U32) 4294967295 / (S32) -32768
(S64) -131071
(U32) 4294967295 / (S16) -32767
(S64) -131076
(U32) 4294967295 / (S16) -128
(S64) -33554431
(U32) 4294967295 / (S8) -127
(S64) -33818640
(U32) 4294967295 / (U8) 255
(U32) 16843009
(U32) 4294967295 / (U16) 256
(U32) 16777215
(U32) 4294967295 / (U16) 65535
(U32) 65537
(U32) 4294967295 / (U32) 65536
(U32) 65535
(U32) 4294967295 / (U32) 4294967295
(U32) 1
(U32) 4294967295 / (U64) 4294967296
(U64) 0
(U32) 4294967295 / (U64) 18446744073709551615
(U64) 0
(U32) 4294967295 / 18446744073709551616
0
(U32) 4294967295 / 340282366920938463463374607431768211455
0
(U32) 4294967295 / 340282366920938463463374607431768211456
0
(U64) 4294967296 / -170141183460469231731687303715884105728
0
(U64) 4294967296 / -170141183460469231731687303715884105727
0
(U64) 4294967296 / -9223372036854775808
0
(U64) 4294967296 / (S64) -9223372036854775807
(S64) 0
(U64) 4294967296 / (S64) -2147483648
(S64) -2
(U64) 4294967296 / (S32) -2147483647
(S64) -2
(U64) 4294967296 / (S32) -32768
(S64) -131072
(U64) 4294967296 / (S16) -32767
(S64) -131076
(U64) 4294967296 / (S16) -128
(S64) -33554432
(U64) 4294967296 / (S8) -127
(S64) -33818640
(U64) 4294967296 / (U8) 255
(U64) 16843009
(U64) 4294967296 / (U16) 256
(U64) 16777216
(U64) 4294967296 / (U16) 65535
(U64) 65537
(U64) 4294967296 / (U32) 65536
(U64) 65536
(U64) 4294967296 / (U32) 4294967295
(U64) 1
(U64) 4294967296 / (U64) 4294967296
(U64) 1
(U64) 4294967296 / (U64) 18446744073709551615
(U64) 0
(U64) 4294967296 / 18446744073709551616
0
(U64) 4294967296 / 340282366920938463463374607431768211455
0
(U64) 4294967296 / 340282366920938463463374607431768211456
0
(U64) 18446744073709551615 / -170141183460469231731687303715884105728
0
(U64) 18446744073709551615 / -170141183460469231731687303715884105727
0
(U64) 18446744073709551615 / -9223372036854775808
-1
(U64) 18446744073709551615 / (S64) -9223372036854775807
-2
(U64) 18446744073709551615 / (S64) -2147483648
-8589934591
(U64) 18446744073709551615 / (S32) -2147483647
-8589934596
(U64) 18446744073709551615 / (S32) -32768
-562949953421311
(U64) 18446744073709551615 / (S16) -32767
-562967133814800
(U64) 18446744073709551615 / (S16) -128
-144115188075855871
(U64) 18446744073709551615 / (S8) -127
-145249953336295682
(U64) 18446744073709551615 / (U8) 255
(U64) 72340172838076673
(U64) 18446744073709551615 / (U16) 256
(U64) 72057594037927935
(U64) 18446744073709551615 / (U16) 65535
(U64) 281479271743489
(U64) 18446744073709551615 / (U32) 65536
(U64) 281474976710655
(U64) 18446744073709551615 / (U32) 4294967295
(U64) 4294967297
(U64) 18446744073709551615 / (U64) 4294967296
(U64) 4294967295
(U64) 18446744073709551615 / (U64) 18446744073709551615
(U64) 1
(U64) 18446744073709551615 / 18446744073709551616
0
(U64) 18446744073709551615 / 340282366920938463463374607431768211455
0
(U64) 18446744073709551615 / 340282366920938463463374607431768211456
0
18446744073709551616 / -170141183460469231731687303715884105728
0
18446744073709551616 / -170141183460469231731687303715884105727
0
18446744073709551616 / -9223372036854775808
-2
18446744073709551616 / (S64) -9223372036854775807
-2
18446744073709551616 / (S64) -2147483648
-8589934592
18446744073709551616 / (S32) -2147483647
-8589934596
18446744073709551616 / (S32) -32768
-562949953421312
18446744073709551616 / (S16) -32767
-562967133814800
18446744073709551616 / (S16) -128
-144115188075855872
18446744073709551616 / (S8) -127
-145249953336295682
18446744073709551616 / (U8) 255
72340172838076673
18446744073709551616 / (U16) 256
72057594037927936
18446744073709551616 / (U16) 65535
281479271743489
18446744073709551616 / (U32) 65536
281474976710656
18446744073709551616 / (U32) 4294967295
4294967297
18446744073709551616 / (U64) 4294967296
4294967296
18446744073709551616 / (U64) 18446744073709551615
1
18446744073709551616 / 18446744073709551616
1
18446744073709551616 / 340282366920938463463374607431768211455
0
18446744073709551616 / 340282366920938463463374607431768211456
0
340282366920938463463374607431768211455 / -170141183460469231731687303715884105728
-1
340282366920938463463374607431768211455 / -170141183460469231731687303715884105727
-2
340282366920938463463374607431768211455 / -9223372036854775808
-36893488147419103231
340282366920938463463374607431768211455 / (S64) -9223372036854775807
-36893488147419103236
340282366920938463463374607431768211455 / (S64) -2147483648
-158456325028528675187087900671
340282366920938463463374607431768211455 / (S32) -2147483647
-158456325102315651516285845520
340282366920938463463374607431768211455 / (S32) -32768
-10384593717069655257060992658440191
340282366920938463463374607431768211455 / (S16) -32767
-10384910639391414028241053725753600
340282366920938463463374607431768211455 / (S16) -128
-2658455991569831745807614120560689151
340282366920938463463374607431768211455 / (S8) -127
-2679388715912901287113185885289513476
340282366920938463463374607431768211455 / (U8) 255
1334440654591915542993625911497130241
340282366920938463463374607431768211455 / (U16) 256
1329227995784915872903807060280344575
340282366920938463463374607431768211455 / (U16) 65535
5192376087906286159508272029171713
340282366920938463463374607431768211455 / (U32) 65536
5192296858534827628530496329220095
340282366920938463463374607431768211455 / (U32) 4294967295
79228162532711081671548469249
340282366920938463463374607431768211455 / (U64) 4294967296
79228162514264337593543950335
340282366920938463463374607431768211455 / (U64) 18446744073709551615
18446744073709551617
340282366920938463463374607431768211455 / 18446744073709551616
18446744073709551615
340282366920938463463374607431768211455 / 340282366920938463463374607431768211455
1
340282366920938463463374607431768211455 / 340282366920938463463374607431768211456
0
340282366920938463463374607431768211456 / -170141183460469231731687303715884105728
-2
340282366920938463463374607431768211456 / -170141183460469231731687303715884105727
-2
340282366920938463463374607431768211456 / -9223372036854775808
-36893488147419103232
340282366920938463463374607431768211456 / (S64) -9223372036854775807
-36893488147419103236
340282366920938463463374607431768211456 / (S64) -2147483648
-158456325028528675187087900672
340282366920938463463374607431768211456 / (S32) -2147483647
-158456325102315651516285845520
340282366920938463463374607431768211456 / (S32) -32768
-10384593717069655257060992658440192
340282366920938463463374607431768211456 / (S16) -32767
-10384910639391414028241053725753600
340282366920938463463374607431768211456 / (S16) -128
-2658455991569831745807614120560689152
340282366920938463463374607431768211456 / (S8) -127
-2679388715912901287113185885289513476
340282366920938463463374607431768211456 / (U8) 255
1334440654591915542993625911497130241
340282366920938463463374607431768211456 / (U16) 256
1329227995784915872903807060280344576
340282366920938463463374607431768211456 / (U16) 65535
5192376087906286159508272029171713
340282366920938463463374607431768211456 / (U32) 65536
5192296858534827628530496329220096
340282366920938463463374607431768211456 / (U32) 4294967295
79228162532711081671548469249
340282366920938463463374607431768211456 / (U64) 4294967296
79228162514264337593543950336
340282366920938463463374607431768211456 / (U64) 18446744073709551615
18446744073709551617
340282366920938463463374607431768211456 / 18446744073709551616
18446744073709551616
340282366920938463463374607431768211456 / 340282366920938463463374607431768211455
1
340282366920938463463374607431768211456 / 340282366920938463463374607431768211456
1
