1 + 20
21
1 + 20 / 3
7
1 + 20 / 3 * 4
25
1 + 20 / 3 * 4 - 5
20
20 / 3 * 4 - 5
19
(1 + 20)
21
a = (1 + 20)
21
