puts("Test")
Test
5
puts(%{hello: "World !"})
%{hello: "World !"}
20
