(U8) 1
a = (U8) 1 + (U8) 1
a + a
%{a: (U8) 1}
%{"a" => (U8) 1}
%{(U8) 1 => (U8) 1}
%{(U8) 1 + (U8) 1 => (U8) 1}
%{(U8) 1 => (U8) 1 + (U8) 1}
quote (U8) 1
quote a = (U8) 1 + (U8) 1
quote a + a
quote %{a: (U8) 1}
quote %{"a" => (U8) 1}
quote %{(U8) 1 => (U8) 1}
quote %{(U8) 1 + (U8) 1 => (U8) 1}
quote %{(U8) 1 => (U8) 1 + (U8) 1}
quote (U8) 1
quote a = (U8) 1 + (U8) 1
quote a + a
quote %{a: (U8) 1}
quote %{"a" => (U8) 1}
quote %{(U8) 1 => (U8) 1}
quote %{(U8) 1 => (U8) 1}
quote %{(U8) 1 + (U8) 1 => (U8) 1}
quote %{(U8) 1 => (U8) 1 + (U8) 1}
quote %{unquote((U8) 1 + (U8) 1) => (U8) 1}
quote %{(U8) 1 => unquote((U8) 1 + (U8) 1)}
(U8) 1
(U8) 2
(U8) 4
%{a: (U8) 1}
%{"a" => (U8) 1}
%{(U8) 1 => (U8) 1}
%{(U8) 2 => (U8) 1}
%{(U8) 1 => (U8) 2}
