void
void
type(void)
Void
(Void) 0
void
type((Void) 0)
Void
